<html>
<body>
<pre>
<h1>µVision Build Log</h1>
<h2>Project:</h2>
C:\Users\david\OneDrive - Politecnico di Torino - IT\Polito\Magisrale - Reti\1° Anno\1° - Architetture dei sistemi di elaborazione\Laboratori\Laboratorio 10\Esempio led acceso spento 1 secondo\sample.uvproj
Project File Date:  01/28/2019

<h2>Output:</h2>
Build target 'Target 1'
compiling IRQ_button.c...
compiling IRQ_timer.c...
linking...
Program Size: Code=1512 RO-data=236 RW-data=12 ZI-data=612  
".\sample.axf" - 0 Error(s), 0 Warning(s).
</pre>
</body>
</html>
